../Core/Src/main.c:110:15:_micros	8	static
../Core/Src/main.c:114:6:Update_dt	16	static
../Core/Src/main.c:123:6:update_speed_dt	16	static
../Core/Src/main.c:131:6:update_position_dt	16	static
../Core/Src/main.c:139:6:delay_us	16	static
../Core/Src/main.c:145:9:spiCalcEvenParity	24	static
../Core/Src/main.c:154:10:AS5147U_ReadAngle	24	static
../Core/Src/main.c:178:7:normalize_angle	16	static
../Core/Src/main.c:184:7:AS5147U_GetAngleRad	16	static
../Core/Src/main.c:195:7:electricalAngle	16	static
../Core/Src/main.c:205:6:alignRotor	16	static
../Core/Src/main.c:225:6:clark	8	static
../Core/Src/main.c:231:6:park	24	static
../Core/Src/main.c:238:6:setpwm	8	static
../Core/Src/main.c:272:6:update_PID	4	static
../Core/Src/main.c:398:6:position_loop	32	static
../Core/Src/main.c:442:6:Speed_Loop	40	static
../Core/Src/main.c:486:6:Current_Loop	40	static
../Core/Src/main.c:556:5:main	40	static
../Core/Src/main.c:692:6:SystemClock_Config	88	static
../Core/Src/main.c:747:13:MX_ADC1_Init	56	static
../Core/Src/main.c:825:13:MX_ADC2_Init	24	static
../Core/Src/main.c:877:13:MX_SPI1_Init	8	static
../Core/Src/main.c:915:13:MX_TIM1_Init	96	static
../Core/Src/main.c:998:13:MX_TIM2_Init	32	static
../Core/Src/main.c:1043:13:MX_TIM3_Init	32	static
../Core/Src/main.c:1088:13:MX_TIM8_Init	32	static
../Core/Src/main.c:1134:13:MX_UART4_Init	8	static
../Core/Src/main.c:1167:13:MX_USART2_UART_Init	8	static
../Core/Src/main.c:1198:13:MX_DMA_Init	16	static
../Core/Src/main.c:1223:13:MX_GPIO_Init	48	static
../Core/Src/main.c:1256:6:HAL_ADCEx_InjectedConvCpltCallback	16	static
../Core/Src/main.c:1272:6:HAL_TIM_PeriodElapsedCallback	16	static
../Core/Src/main.c:1281:6:HAL_UART_TxCpltCallback	16	static
../Core/Src/main.c:1288:6:HAL_ADC_ConvCpltCallback	16	static
../Core/Src/main.c:1302:6:Error_Handler	4	static,ignoring_inline_asm
